HI-TECH Software C Compiler 

Linker command line:

-W9 --edf=c:\Program Files\HI-TECH Software\PICC\9.82\dat\en_msgs.txt -cs \
  -h+dist/default/production\inputboard.X.production.sym -z -Q16F876 \
  -ol.obj -Mdist/default/production/inputboard.X.production.map -E1 \
  -ACONST=00h-0FFhx32 -ACODE=00h-07FFhx4 -ASTRCODE=00h-01FFFh \
  -AENTRY=00h-0FFhx32 -ASTRING=00h-0FFhx32 -ABANK0=020h-06Fh \
  -ABANK1=0A0h-0EFh -ABANK2=0110h-016Fh -ABANK3=0190h-01EFh \
  -ARAM=020h-06Fh,0A0h-0EFh,0110h-016Fh,0190h-01EFh \
  -AABS1=020h-07Fh,0A0h-0EFh,0110h-016Fh,0190h-01EFh -ACOMMON=070h-07Fh \
  -ASFR0=00h-01Fh -ASFR1=080h-09Fh -ASFR2=0100h-010Fh -ASFR3=0180h-018Fh \
  -preset_vec=00h,intentry=04h,init,end_init -ppowerup=CODE -pfunctab=CODE \
  -ACONFIG=02007h-02007h -pconfig=CONFIG -DCONFIG=2 -AIDLOC=02000h-02003h \
  -pidloc=IDLOC -DIDLOC=2 -AEEDATA=00h-0FFh/02100h -peeprom_data=EEDATA \
  -DEEDATA=2 -DCODE=2 -DSTRCODE=2 -DSTRING=2 -DCONST=2 -DENTRY=2 -k \
  C:/DOCUME~1/ali/LOCALS~1/Temp\s1gc.obj \
  dist/default/production\inputboard.X.production.obj 

Object code version is 3.10

Machine type is 16F876



                Name                               Link     Load   Length Selector   Space Scale
C:/DOCUME~1/ali/LOCALS~1/Temp\s1gc.obj
                end_init                             12       12        3        8       0
                reset_vec                             0        0        3        0       0
dist/default/production\inputboard.X.production.obj
                intentry                              4        4        E        8       0
                config                             2007     2007        1     400E       0
                text315                              F9       F9        B        8       0
                text314                              6C       6C       34        8       0
                text313                              DE       DE        F        8       0
                text312                             10E      10E        3        8       0
                text311                              B9       B9       13        8       0
                text310                              A0       A0       19        8       0
                text309                              ED       ED        C        8       0
                text308                              CC       CC       12        8       0
                maintext                             15       15       57        8       0
                cstackBANK0                          20       20        7       20       1
                cstackCOMMON                         70       70        5       70       1
                bssBANK0                             27       27        3       20       1
                bssCOMMON                            75       75        3       70       1
                cinit                               104      104        A        8       0
                nvCOMMON                             78       78        2       70       1
                nvBANK0                              2A       2A        1       20       1

TOTAL           Name                               Link     Load   Length     Space
        CLASS   CONST          

        CLASS   CODE           
                end_init                             12       12        3         0
                intentry                              4        4        E         0
                reset_vec                             0        0        3         0
                text315                              F9       F9        B         0
                text314                              6C       6C       34         0
                text313                              DE       DE        F         0
                text312                             10E      10E        3         0
                text311                              B9       B9       13         0
                text310                              A0       A0       19         0
                text309                              ED       ED        C         0
                text308                              CC       CC       12         0
                maintext                             15       15       57         0
                cinit                               104      104        A         0

        CLASS   STRCODE        

        CLASS   ENTRY          

        CLASS   STRING         

        CLASS   BANK0          
                cstackBANK0                          20       20        7         1
                bssBANK0                             27       27        3         1
                nvBANK0                              2A       2A        1         1

        CLASS   BANK1          

        CLASS   BANK2          

        CLASS   BANK3          

        CLASS   RAM            

        CLASS   ABS1           
                abs_s1                               7E       7E        2         1

        CLASS   COMMON         
                cstackCOMMON                         70       70        5         1
                bssCOMMON                            75       75        3         1
                nvCOMMON                             78       78        2         1

        CLASS   SFR0           

        CLASS   SFR1           

        CLASS   SFR2           

        CLASS   SFR3           

        CLASS   CONFIG         
                config                             2007     2007        1         0

        CLASS   IDLOC          

        CLASS   EEDATA         



SEGMENTS        Name                           Load    Length   Top    Selector   Space  Class     Delta

                reset_vec                      000000  000003  000003         0       0  CODE        2
                intentry                       000004  00010D  000111         8       0  CODE        2
                cstackBANK0                    000020  00000B  00002B        20       1  BANK0       1
                cstackCOMMON                   000070  00000A  00007A        70       1  COMMON      1
                config                         002007  000001  002008      400E       0  CONFIG      2


UNUSED ADDRESS RANGES

        Name                Unused          Largest block    Delta
        BANK0            002B-006F             45           1
        BANK1            00A0-00EF             50           1
        BANK2            0110-016F             60           1
        BANK3            0190-01EF             60           1
        CODE             0003-0003              1           2
                         0111-1FFF            800
        COMMON           007A-007D              4           1
        CONST            0003-0003              1           2
                         0111-1FFF            100
        EEDATA           2100-21FF            100           2
        ENTRY            0003-0003              1           2
                         0111-1FFF            100
        IDLOC            2000-2003              4           2
        RAM              002B-006F             45           1
                         00A0-00EF             50
                         0110-016F             60
                         0190-01EF             60
        SFR0             0000-001F             20           1
        SFR1             0080-009F             20           1
        SFR2             0100-010F             10           1
        SFR3             0180-018F             10           1
        STRCODE          0003-0003              1           2
                         0111-1FFF           1EEF
        STRING           0003-0003              1           2
                         0111-1FFF            100

                                  Symbol Table

??_eeprom_getch                cstackBANK0  0020
??_getCaps                     cstackBANK0  0022
??_init                        cstackBANK0  0020
??_isr                         cstackCOMMON 0070
??_main                        cstackBANK0  0023
??_pseudoRegisters_init        cstackBANK0  0020
??_usart_getch                 cstackCOMMON 0070
??_usart_init                  cstackBANK0  0020
??_usart_putch                 cstackBANK0  0020
?_eeprom_getch                 cstackCOMMON 0070
?_getCaps                      cstackBANK0  0020
?_init                         cstackCOMMON 0070
?_isr                          cstackCOMMON 0070
?_main                         cstackCOMMON 0070
?_pseudoRegisters_init         cstackCOMMON 0070
?_usart_getch                  cstackCOMMON 0070
?_usart_init                   cstackCOMMON 0070
?_usart_putch                  cstackCOMMON 0070
_BRGH                          (abs)        04C2
_CARRY                         (abs)        0018
_CREN                          (abs)        00C4
_EEADR                         (abs)        010D
_EECON1                        (abs)        018C
_EECON2                        (abs)        018D
_EEDATA                        (abs)        010C
_GIE                           (abs)        005F
_MUX                           bssCOMMON    0075
_RCIE                          (abs)        0465
_RCIF                          (abs)        0065
_RCREG                         (abs)        001A
_RD                            (abs)        0C60
_RELAY                         bssCOMMON    0076
_SPBRG                         (abs)        0099
_SPEN                          (abs)        00C7
_SYNC                          (abs)        04C4
_TRISCbits                     (abs)        0087
_TXEN                          (abs)        04C5
_TXIE                          (abs)        0464
_TXIF                          (abs)        0064
_TXREG                         (abs)        0019
_WR                            (abs)        0C61
_WREN                          (abs)        0C62
__Habs1                        abs1         0000
__Hbank0                       bank0        0000
__Hbank1                       bank1        0000
__Hbank2                       bank2        0000
__Hbank3                       bank3        0000
__HbssBANK0                    bssBANK0     0000
__HbssCOMMON                   bssCOMMON    0000
__Hcinit                       cinit        0000
__Hclrtext                     clrtext      0000
__Hcode                        code         0000
__Hcommon                      common       0000
__Hconfig                      config       2008
__HcstackBANK0                 cstackBANK0  0000
__HcstackCOMMON                cstackCOMMON 0000
__Heeprom_data                 eeprom_data  0000
__Hend_init                    end_init     0015
__Hfunctab                     functab      0000
__Hidloc                       idloc        0000
__Hinit                        init         0012
__Hintentry                    intentry     0012
__Hmaintext                    maintext     0000
__HnvBANK0                     nvBANK0      0000
__HnvCOMMON                    nvCOMMON     0000
__Hpowerup                     powerup      0000
__Hram                         ram          0000
__Hreset_vec                   reset_vec    0003
__Hsfr0                        sfr0         0000
__Hsfr1                        sfr1         0000
__Hsfr2                        sfr2         0000
__Hsfr3                        sfr3         0000
__Hstrings                     strings      0000
__Htext                        text         0000
__Labs1                        abs1         0000
__Lbank0                       bank0        0000
__Lbank1                       bank1        0000
__Lbank2                       bank2        0000
__Lbank3                       bank3        0000
__LbssBANK0                    bssBANK0     0000
__LbssCOMMON                   bssCOMMON    0000
__Lcinit                       cinit        0000
__Lclrtext                     clrtext      0000
__Lcode                        code         0000
__Lcommon                      common       0000
__Lconfig                      config       2007
__LcstackBANK0                 cstackBANK0  0000
__LcstackCOMMON                cstackCOMMON 0000
__Leeprom_data                 eeprom_data  0000
__Lend_init                    end_init     0012
__Lfunctab                     functab      0000
__Lidloc                       idloc        0000
__Linit                        init         0012
__Lintentry                    intentry     0004
__Lmaintext                    maintext     0000
__LnvBANK0                     nvBANK0      0000
__LnvCOMMON                    nvCOMMON     0000
__Lpowerup                     powerup      0000
__Lram                         ram          0000
__Lreset_vec                   reset_vec    0000
__Lsfr0                        sfr0         0000
__Lsfr1                        sfr1         0000
__Lsfr2                        sfr2         0000
__Lsfr3                        sfr3         0000
__Lstrings                     strings      0000
__Ltext                        text         0000
__S0                           (abs)        2008
__S1                           (abs)        007A
__S2                           (abs)        0000
__end_of_eeprom_getch          text313      00ED
__end_of_getCaps               text310      00B9
__end_of_init                  text308      00DE
__end_of_isr                   text314      00A0
__end_of_main                  maintext     006C
__end_of_pseudoRegisters_init  text312      0111
__end_of_usart_getch           text315      0104
__end_of_usart_init            text311      00CC
__end_of_usart_putch           text309      00F9
__pbssBANK0                    bssBANK0     0027
__pbssCOMMON                   bssCOMMON    0075
__pcstackBANK0                 cstackBANK0  0020
__pcstackCOMMON                cstackCOMMON 0070
__pintentry                    intentry     0004
__pmaintext                    maintext     0015
__pnvBANK0                     nvBANK0      002A
__pnvCOMMON                    nvCOMMON     0078
__ptext308                     text308      00CC
__ptext309                     text309      00ED
__ptext310                     text310      00A0
__ptext311                     text311      00B9
__ptext312                     text312      010E
__ptext313                     text313      00DE
__ptext314                     text314      006C
__ptext315                     text315      00F9
__ptext316                     text316      0000
__size_of_eeprom_getch         (abs)        0000
__size_of_getCaps              (abs)        0000
__size_of_init                 (abs)        0000
__size_of_isr                  (abs)        0000
__size_of_main                 (abs)        0000
__size_of_pseudoRegisters_init (abs)        0000
__size_of_usart_getch          (abs)        0000
__size_of_usart_init           (abs)        0000
__size_of_usart_putch          (abs)        0000
_devcaps                       nvCOMMON     0078
_devid                         nvBANK0      002A
_eeprom_getch                  text313      00DE
_exit                          init         0012
_getCaps                       text310      00A0
_init                          text308      00CC
_isr                           text314      006C
_main                          maintext     0015
_pseudoRegisters_init          text312      010E
_usart_curbyte                 bssCOMMON    0077
_usart_curpacket               bssBANK0     0027
_usart_getch                   text315      00F9
_usart_init                    text311      00B9
_usart_putch                   text309      00ED
btemp                          (abs)        007E
eeprom_getch@loc               cstackBANK0  0020
end_of_initialization          cinit        010A
getCaps@devid                  cstackBANK0  0022
interrupt_function             intentry     0004
intlevel0                      functab      0000
intlevel1                      functab      0000
intlevel2                      functab      0000
intlevel3                      functab      0000
intlevel4                      functab      0000
intlevel5                      functab      0000
main@acked                     cstackBANK0  0026
reset_vec                      reset_vec    0000
saved_w                        (abs)        007E
start                          init         0012
start_initialization           cinit        0104
usart_putch@byte               cstackBANK0  0020
wtemp0                         (abs)        007E
