HI-TECH Software C Compiler 

Linker command line:

-W9 --edf=c:\Program Files\HI-TECH Software\PICC\9.82\dat\en_msgs.txt -cs \
  -h+dist/default/debug\inputboard.X.debug.sym -z -Q16F876 -ol.obj \
  -Mdist/default/debug/inputboard.X.debug.map -E1 -ACONST=00h-0FFhx31 \
  -ACODE=00h-07FFhx3,01800h-01EFFh -ASTRCODE=00h-01EFFh -AENTRY=00h-0FFhx31 \
  -ASTRING=00h-0FFhx31 -ABANK0=020h-06Fh -ABANK1=0A0h-0EFh \
  -ABANK2=0110h-016Fh -ABANK3=0190h-01E4h \
  -ARAM=020h-06Fh,0A0h-0EFh,0110h-016Fh,0190h-01E4h \
  -AABS1=020h-07Fh,0A0h-0EFh,0110h-016Fh,0190h-01EFh -ACOMMON=071h-07Fh \
  -ASFR0=00h-01Fh -ASFR1=080h-09Fh -ASFR2=0100h-010Fh -ASFR3=0180h-018Fh \
  -preset_vec=00h,intentry=04h,init,end_init -ppowerup=CODE -pfunctab=CODE \
  -ACONFIG=02007h-02007h -pconfig=CONFIG -DCONFIG=2 -AIDLOC=02000h-02003h \
  -pidloc=IDLOC -DIDLOC=2 -AEEDATA=00h-0FFh/02100h -peeprom_data=EEDATA \
  -DEEDATA=2 -DCODE=2 -DSTRCODE=2 -DSTRING=2 -DCONST=2 -DENTRY=2 -k \
  C:/DOCUME~1/ali/LOCALS~1/Temp\s20k.obj \
  dist/default/debug\inputboard.X.debug.obj 

Object code version is 3.10

Machine type is 16F876



                Name                               Link     Load   Length Selector   Space Scale
C:/DOCUME~1/ali/LOCALS~1/Temp\s20k.obj
                end_init                             12       12        3        8       0
                reset_vec                             0        0        4        0       0
dist/default/debug\inputboard.X.debug.obj
                intentry                              4        4        E        8       0
                config                             2007     2007        1     400E       0
                text322                             70F      70F        B      E1E       0
                text321                             775      775       34      EEA       0
                text320                             726      726        F      E4C       0
                text319                             702      702        3      E04       0
                text318                             735      735       13      E6A       0
                text317                             75C      75C       19      EB8       0
                text316                             71A      71A        C      E34       0
                text315                             748      748       14      E90       0
                maintext                            7A9      7A9       57      F52       0
                cstackBANK0                          20       20        7       20       1
                cstackCOMMON                         71       71        5       71       1
                bssBANK0                             2A       2A        3       20       1
                bssCOMMON                            76       76        3       71       1
                cinit                               705      705        A      E0A       0
                nvBANK0                              27       27        3       20       1

TOTAL           Name                               Link     Load   Length     Space
        CLASS   CONST          

        CLASS   CODE           
                end_init                             12       12        3         0
                intentry                              4        4        E         0
                reset_vec                             0        0        4         0
                text322                             70F      70F        B         0
                text321                             775      775       34         0
                text320                             726      726        F         0
                text319                             702      702        3         0
                text318                             735      735       13         0
                text317                             75C      75C       19         0
                text316                             71A      71A        C         0
                text315                             748      748       14         0
                maintext                            7A9      7A9       57         0
                cinit                               705      705        A         0

        CLASS   STRCODE        

        CLASS   ENTRY          

        CLASS   STRING         

        CLASS   BANK0          
                cstackBANK0                          20       20        7         1
                bssBANK0                             2A       2A        3         1
                nvBANK0                              27       27        3         1

        CLASS   BANK1          

        CLASS   BANK2          

        CLASS   BANK3          

        CLASS   RAM            

        CLASS   ABS1           
                abs_s1                               7E       7E        2         1

        CLASS   COMMON         
                cstackCOMMON                         71       71        5         1
                bssCOMMON                            76       76        3         1

        CLASS   SFR0           

        CLASS   SFR1           

        CLASS   SFR2           

        CLASS   SFR3           

        CLASS   CONFIG         
                config                             2007     2007        1         0

        CLASS   IDLOC          

        CLASS   EEDATA         



SEGMENTS        Name                           Load    Length   Top    Selector   Space  Class     Delta

                reset_vec                      000000  000004  000004         0       0  CODE        2
                intentry                       000004  000011  000015         8       0  CODE        2
                cstackBANK0                    000020  00000D  00002D        20       1  BANK0       1
                cstackCOMMON                   000071  000008  000079        71       1  COMMON      1
                text319                        000702  000003  000705       E04       0  CODE        2
                cinit                          000705  00000A  00070F       E0A       0  CODE        2
                text322                        00070F  00000B  00071A       E1E       0  CODE        2
                text316                        00071A  00000C  000726       E34       0  CODE        2
                text320                        000726  00000F  000735       E4C       0  CODE        2
                text318                        000735  000013  000748       E6A       0  CODE        2
                text315                        000748  000014  00075C       E90       0  CODE        2
                text317                        00075C  000019  000775       EB8       0  CODE        2
                text321                        000775  000034  0007A9       EEA       0  CODE        2
                maintext                       0007A9  000057  000800       F52       0  CODE        2
                config                         002007  000001  002008      400E       0  CONFIG      2


UNUSED ADDRESS RANGES

        Name                Unused          Largest block    Delta
        BANK0            002D-006F             43           1
        BANK1            00A0-00EF             50           1
        BANK2            0110-016F             60           1
        BANK3            0190-01E4             55           1
        CODE             0015-0701            6ED           2
                         0800-1EFF            800
        COMMON           0079-007D              5           1
        CONST            0015-0701            100           2
                         0800-1EFF            100
        EEDATA           2100-21FF            100           2
        ENTRY            0015-0701            100           2
                         0800-1EFF            100
        IDLOC            2000-2003              4           2
        RAM              002D-006F             43           1
                         00A0-00EF             50
                         0110-016F             60
                         0190-01E4             55
        SFR0             0000-001F             20           1
        SFR1             0080-009F             20           1
        SFR2             0100-010F             10           1
        SFR3             0180-018F             10           1
        STRCODE          0015-0701            6ED           2
                         0800-1EFF           1700
        STRING           0015-0701            100           2
                         0800-1EFF            100

                                  Symbol Table

??_eeprom_getch                cstackCOMMON 0076
??_getCaps                     cstackCOMMON 0076
??_init                        cstackCOMMON 0076
??_isr                         cstackCOMMON 0071
??_main                        cstackBANK0  0023
??_pseudoRegisters_init        cstackCOMMON 0076
??_usart_getch                 cstackCOMMON 0071
??_usart_init                  cstackCOMMON 0076
??_usart_putch                 cstackCOMMON 0076
?_eeprom_getch                 cstackCOMMON 0071
?_getCaps                      cstackBANK0  0020
?_init                         cstackCOMMON 0071
?_isr                          cstackCOMMON 0071
?_main                         cstackCOMMON 0071
?_pseudoRegisters_init         cstackCOMMON 0071
?_usart_getch                  cstackCOMMON 0071
?_usart_init                   cstackCOMMON 0071
?_usart_putch                  cstackCOMMON 0071
_BRGH                          (abs)        04C2
_CARRY                         (abs)        0018
_CREN                          (abs)        00C4
_EEADR                         (abs)        010D
_EECON1                        (abs)        018C
_EECON2                        (abs)        018D
_EEDATA                        (abs)        010C
_GIE                           (abs)        005F
_MUX                           bssCOMMON    0076
_RCIE                          (abs)        0465
_RCIF                          (abs)        0065
_RCREG                         (abs)        001A
_RD                            (abs)        0C60
_RELAY                         bssCOMMON    0077
_SPBRG                         (abs)        0099
_SPEN                          (abs)        00C7
_SYNC                          (abs)        04C4
_TRISCbits                     (abs)        0087
_TXEN                          (abs)        04C5
_TXIE                          (abs)        0464
_TXIF                          (abs)        0064
_TXREG                         (abs)        0019
_WR                            (abs)        0C61
_WREN                          (abs)        0C62
__Habs1                        abs1         0000
__Hbank0                       bank0        0000
__Hbank1                       bank1        0000
__Hbank2                       bank2        0000
__Hbank3                       bank3        0000
__HbssBANK0                    bssBANK0     0000
__HbssCOMMON                   bssCOMMON    0000
__Hcinit                       cinit        0000
__Hclrtext                     clrtext      0000
__Hcode                        code         0000
__Hcommon                      common       0000
__Hconfig                      config       2008
__HcstackBANK0                 cstackBANK0  0000
__HcstackCOMMON                cstackCOMMON 0000
__Heeprom_data                 eeprom_data  0000
__Hend_init                    end_init     0015
__Hfunctab                     functab      0000
__Hidloc                       idloc        0000
__Hinit                        init         0012
__Hintentry                    intentry     0012
__Hmaintext                    maintext     0000
__HnvBANK0                     nvBANK0      0000
__Hpowerup                     powerup      0000
__Hram                         ram          0000
__Hreset_vec                   reset_vec    0004
__Hsfr0                        sfr0         0000
__Hsfr1                        sfr1         0000
__Hsfr2                        sfr2         0000
__Hsfr3                        sfr3         0000
__Hstrings                     strings      0000
__Htext                        text         0000
__Labs1                        abs1         0000
__Lbank0                       bank0        0000
__Lbank1                       bank1        0000
__Lbank2                       bank2        0000
__Lbank3                       bank3        0000
__LbssBANK0                    bssBANK0     0000
__LbssCOMMON                   bssCOMMON    0000
__Lcinit                       cinit        0000
__Lclrtext                     clrtext      0000
__Lcode                        code         0000
__Lcommon                      common       0000
__Lconfig                      config       2007
__LcstackBANK0                 cstackBANK0  0000
__LcstackCOMMON                cstackCOMMON 0000
__Leeprom_data                 eeprom_data  0000
__Lend_init                    end_init     0012
__Lfunctab                     functab      0000
__Lidloc                       idloc        0000
__Linit                        init         0012
__Lintentry                    intentry     0004
__Lmaintext                    maintext     0000
__LnvBANK0                     nvBANK0      0000
__Lpowerup                     powerup      0000
__Lram                         ram          0000
__Lreset_vec                   reset_vec    0000
__Lsfr0                        sfr0         0000
__Lsfr1                        sfr1         0000
__Lsfr2                        sfr2         0000
__Lsfr3                        sfr3         0000
__Lstrings                     strings      0000
__Ltext                        text         0000
__S0                           (abs)        2008
__S1                           (abs)        0079
__S2                           (abs)        0000
__end_of_eeprom_getch          text320      0735
__end_of_getCaps               text317      0775
__end_of_init                  text315      075C
__end_of_isr                   text321      07A9
__end_of_main                  maintext     0800
__end_of_pseudoRegisters_init  text319      0705
__end_of_usart_getch           text322      071A
__end_of_usart_init            text318      0748
__end_of_usart_putch           text316      0726
__pbssBANK0                    bssBANK0     002A
__pbssCOMMON                   bssCOMMON    0076
__pcstackBANK0                 cstackBANK0  0020
__pcstackCOMMON                cstackCOMMON 0071
__pintentry                    intentry     0004
__pmaintext                    maintext     07A9
__pnvBANK0                     nvBANK0      0027
__ptext315                     text315      0748
__ptext316                     text316      071A
__ptext317                     text317      075C
__ptext318                     text318      0735
__ptext319                     text319      0702
__ptext320                     text320      0726
__ptext321                     text321      0775
__ptext322                     text322      070F
__ptext323                     text323      0000
__size_of_eeprom_getch         (abs)        0000
__size_of_getCaps              (abs)        0000
__size_of_init                 (abs)        0000
__size_of_isr                  (abs)        0000
__size_of_main                 (abs)        0000
__size_of_pseudoRegisters_init (abs)        0000
__size_of_usart_getch          (abs)        0000
__size_of_usart_init           (abs)        0000
__size_of_usart_putch          (abs)        0000
_devcaps                       nvBANK0      0027
_devid                         nvBANK0      0029
_eeprom_getch                  text320      0726
_exit                          init         0012
_getCaps                       text317      075C
_init                          text315      0748
_isr                           text321      0775
_main                          maintext     07A9
_pseudoRegisters_init          text319      0702
_usart_curbyte                 bssCOMMON    0078
_usart_curpacket               bssBANK0     002A
_usart_getch                   text322      070F
_usart_init                    text318      0735
_usart_putch                   text316      071A
btemp                          (abs)        007E
eeprom_getch@loc               cstackBANK0  0020
end_of_initialization          cinit        070B
getCaps@devid                  cstackBANK0  0022
interrupt_function             intentry     0004
intlevel0                      functab      0000
intlevel1                      functab      0000
intlevel2                      functab      0000
intlevel3                      functab      0000
intlevel4                      functab      0000
intlevel5                      functab      0000
main@acked                     cstackBANK0  0026
reset_vec                      reset_vec    0000
saved_w                        (abs)        007E
start                          init         0012
start_initialization           cinit        0705
usart_putch@byte               cstackBANK0  0020
wtemp0                         (abs)        007E
